// Jest Snapshot v1, https://goo.gl/fbAQLP

exports[`<RequireAuth> should render component 1`] = `null`;
